n_steps = 38
steps: 1, 2, 3, 4, 5, 6, 7, 8, 9, 10, 11, 12, 13, 14, 15, 16, 17, 18, 19, 20, 21, 22, 23, 24, 25, 26, 27, 28, 29, 30, 31, 32, 33, 34, 35, 36, 37, 38,
[01;40;33m*[00m _[00m _[00m _[00m [01;44;37mD[00m _[00m 
[00;43;30m*[00m _[00m _[00m _[00m _[00m _[00m 
_[00m [00;43;30m*[00m _[00m _[00m _[00m _[00m 
_[00m _[00m [01;44;37mD[00m _[00m _[00m _[00m 
_[00m _[00m _[00m _[00m _[00m [00;43;30m*[00m 
_[00m _[00m _[00m [01;44;37mD[00m _[00m _[00m 
 
[01;40;33m*[00m [01;40;33m*[00m _[00m _[00m [01;44;37mD[00m _[00m 
[00;43;30m*[00m _[00m _[00m _[00m _[00m _[00m 
_[00m [00;43;30m*[00m _[00m _[00m _[00m _[00m 
_[00m _[00m [01;44;37mD[00m _[00m _[00m _[00m 
_[00m _[00m _[00m _[00m _[00m [00;43;30m*[00m 
_[00m _[00m _[00m [01;44;37mD[00m _[00m _[00m 
 
[01;40;33m*[00m [01;40;33m*[00m [01;40;37mD[00m _[00m [01;44;37mD[00m _[00m 
[00;43;30m*[00m _[00m _[00m _[00m _[00m _[00m 
_[00m [00;43;30m*[00m _[00m _[00m _[00m _[00m 
_[00m _[00m [01;44;37mD[00m _[00m _[00m _[00m 
_[00m _[00m _[00m _[00m _[00m [00;43;30m*[00m 
_[00m _[00m _[00m [01;44;37mD[00m _[00m _[00m 
 
[01;40;33m*[00m [01;40;33m*[00m [01;40;37mD[00m [01;40;33m*[00m [01;44;37mD[00m _[00m 
[00;43;30m*[00m _[00m _[00m _[00m _[00m _[00m 
_[00m [00;43;30m*[00m _[00m _[00m _[00m _[00m 
_[00m _[00m [01;44;37mD[00m _[00m _[00m _[00m 
_[00m _[00m _[00m _[00m _[00m [00;43;30m*[00m 
_[00m _[00m _[00m [01;44;37mD[00m _[00m _[00m 
 
[01;40;33m*[00m [01;40;33m*[00m [01;40;37mD[00m [01;40;33m*[00m [01;44;37mD[00m _[00m 
[00;43;30m*[00m _[00m _[00m _[00m _[00m _[00m 
_[00m [00;43;30m*[00m _[00m _[00m _[00m _[00m 
_[00m _[00m [01;44;37mD[00m _[00m _[00m _[00m 
_[00m _[00m _[00m _[00m _[00m [00;43;30m*[00m 
_[00m _[00m _[00m [01;44;37mD[00m _[00m _[00m 
 
[01;40;33m*[00m [01;40;33m*[00m [01;40;37mD[00m [01;40;33m*[00m [01;44;37mD[00m [01;40;37mD[00m 
[00;43;30m*[00m _[00m _[00m _[00m _[00m _[00m 
_[00m [00;43;30m*[00m _[00m _[00m _[00m _[00m 
_[00m _[00m [01;44;37mD[00m _[00m _[00m _[00m 
_[00m _[00m _[00m _[00m _[00m [00;43;30m*[00m 
_[00m _[00m _[00m [01;44;37mD[00m _[00m _[00m 
 
[01;40;33m*[00m [01;40;33m*[00m [01;40;37mD[00m [01;40;33m*[00m [01;44;37mD[00m [01;40;37mD[00m 
[00;43;30m*[00m _[00m _[00m _[00m _[00m _[00m 
_[00m [00;43;30m*[00m _[00m _[00m _[00m _[00m 
_[00m _[00m [01;44;37mD[00m _[00m _[00m _[00m 
_[00m _[00m _[00m _[00m _[00m [00;43;30m*[00m 
_[00m _[00m _[00m [01;44;37mD[00m _[00m _[00m 
 
[01;40;33m*[00m [01;40;33m*[00m [01;40;37mD[00m [01;40;33m*[00m [01;44;37mD[00m [01;40;37mD[00m 
[00;43;30m*[00m [01;40;37mD[00m _[00m _[00m _[00m _[00m 
_[00m [00;43;30m*[00m _[00m _[00m _[00m _[00m 
_[00m _[00m [01;44;37mD[00m _[00m _[00m _[00m 
_[00m _[00m _[00m _[00m _[00m [00;43;30m*[00m 
_[00m _[00m _[00m [01;44;37mD[00m _[00m _[00m 
 
[01;40;33m*[00m [01;40;33m*[00m [01;40;37mD[00m [01;40;33m*[00m [01;44;37mD[00m [01;40;37mD[00m 
[00;43;30m*[00m [01;40;37mD[00m [01;40;37mD[00m _[00m _[00m _[00m 
_[00m [00;43;30m*[00m _[00m _[00m _[00m _[00m 
_[00m _[00m [01;44;37mD[00m _[00m _[00m _[00m 
_[00m _[00m _[00m _[00m _[00m [00;43;30m*[00m 
_[00m _[00m _[00m [01;44;37mD[00m _[00m _[00m 
 
[01;40;33m*[00m [01;40;33m*[00m [01;40;37mD[00m [01;40;33m*[00m [01;44;37mD[00m [01;40;37mD[00m 
[00;43;30m*[00m [01;40;37mD[00m [01;40;37mD[00m [01;40;33m*[00m _[00m _[00m 
_[00m [00;43;30m*[00m _[00m _[00m _[00m _[00m 
_[00m _[00m [01;44;37mD[00m _[00m _[00m _[00m 
_[00m _[00m _[00m _[00m _[00m [00;43;30m*[00m 
_[00m _[00m _[00m [01;44;37mD[00m _[00m _[00m 
 
[01;40;33m*[00m [01;40;33m*[00m [01;40;37mD[00m [01;40;33m*[00m [01;44;37mD[00m [01;40;37mD[00m 
[00;43;30m*[00m [01;40;37mD[00m [01;40;37mD[00m [01;40;33m*[00m [01;40;37mD[00m _[00m 
_[00m [00;43;30m*[00m _[00m _[00m _[00m _[00m 
_[00m _[00m [01;44;37mD[00m _[00m _[00m _[00m 
_[00m _[00m _[00m _[00m _[00m [00;43;30m*[00m 
_[00m _[00m _[00m [01;44;37mD[00m _[00m _[00m 
 
[01;40;33m*[00m [01;40;33m*[00m [01;40;37mD[00m [01;40;33m*[00m [01;44;37mD[00m [01;40;37mD[00m 
[00;43;30m*[00m [01;40;37mD[00m [01;40;37mD[00m [01;40;33m*[00m [01;40;37mD[00m [01;40;33m*[00m 
_[00m [00;43;30m*[00m _[00m _[00m _[00m _[00m 
_[00m _[00m [01;44;37mD[00m _[00m _[00m _[00m 
_[00m _[00m _[00m _[00m _[00m [00;43;30m*[00m 
_[00m _[00m _[00m [01;44;37mD[00m _[00m _[00m 
 
[01;40;33m*[00m [01;40;33m*[00m [01;40;37mD[00m [01;40;33m*[00m [01;44;37mD[00m [01;40;37mD[00m 
[00;43;30m*[00m [01;40;37mD[00m [01;40;37mD[00m [01;40;33m*[00m [01;40;37mD[00m [01;40;33m*[00m 
[01;40;37mD[00m [00;43;30m*[00m _[00m _[00m _[00m _[00m 
_[00m _[00m [01;44;37mD[00m _[00m _[00m _[00m 
_[00m _[00m _[00m _[00m _[00m [00;43;30m*[00m 
_[00m _[00m _[00m [01;44;37mD[00m _[00m _[00m 
 
[01;40;33m*[00m [01;40;33m*[00m [01;40;37mD[00m [01;40;33m*[00m [01;44;37mD[00m [01;40;37mD[00m 
[00;43;30m*[00m [01;40;37mD[00m [01;40;37mD[00m [01;40;33m*[00m [01;40;37mD[00m [01;40;33m*[00m 
[01;40;37mD[00m [00;43;30m*[00m _[00m _[00m _[00m _[00m 
_[00m _[00m [01;44;37mD[00m _[00m _[00m _[00m 
_[00m _[00m _[00m _[00m _[00m [00;43;30m*[00m 
_[00m _[00m _[00m [01;44;37mD[00m _[00m _[00m 
 
[01;40;33m*[00m [01;40;33m*[00m [01;40;37mD[00m [01;40;33m*[00m [01;44;37mD[00m [01;40;37mD[00m 
[00;43;30m*[00m [01;40;37mD[00m [01;40;37mD[00m [01;40;33m*[00m [01;40;37mD[00m [01;40;33m*[00m 
[01;40;37mD[00m [00;43;30m*[00m [01;40;33m*[00m _[00m _[00m _[00m 
_[00m _[00m [01;44;37mD[00m _[00m _[00m _[00m 
_[00m _[00m _[00m _[00m _[00m [00;43;30m*[00m 
_[00m _[00m _[00m [01;44;37mD[00m _[00m _[00m 
 
[01;40;33m*[00m [01;40;33m*[00m [01;40;37mD[00m [01;40;33m*[00m [01;44;37mD[00m [01;40;37mD[00m 
[00;43;30m*[00m [01;40;37mD[00m [01;40;37mD[00m [01;40;33m*[00m [01;40;37mD[00m [01;40;33m*[00m 
[01;40;37mD[00m [00;43;30m*[00m [01;40;33m*[00m [01;40;37mD[00m _[00m _[00m 
_[00m _[00m [01;44;37mD[00m _[00m _[00m _[00m 
_[00m _[00m _[00m _[00m _[00m [00;43;30m*[00m 
_[00m _[00m _[00m [01;44;37mD[00m _[00m _[00m 
 
[01;40;33m*[00m [01;40;33m*[00m [01;40;37mD[00m [01;40;33m*[00m [01;44;37mD[00m [01;40;37mD[00m 
[00;43;30m*[00m [01;40;37mD[00m [01;40;37mD[00m [01;40;33m*[00m [01;40;37mD[00m [01;40;33m*[00m 
[01;40;37mD[00m [00;43;30m*[00m [01;40;33m*[00m [01;40;37mD[00m [01;40;33m*[00m _[00m 
_[00m _[00m [01;44;37mD[00m _[00m _[00m _[00m 
_[00m _[00m _[00m _[00m _[00m [00;43;30m*[00m 
_[00m _[00m _[00m [01;44;37mD[00m _[00m _[00m 
 
[01;40;33m*[00m [01;40;33m*[00m [01;40;37mD[00m [01;40;33m*[00m [01;44;37mD[00m [01;40;37mD[00m 
[00;43;30m*[00m [01;40;37mD[00m [01;40;37mD[00m [01;40;33m*[00m [01;40;37mD[00m [01;40;33m*[00m 
[01;40;37mD[00m [00;43;30m*[00m [01;40;33m*[00m [01;40;37mD[00m [01;40;33m*[00m [01;40;37mD[00m 
_[00m _[00m [01;44;37mD[00m _[00m _[00m _[00m 
_[00m _[00m _[00m _[00m _[00m [00;43;30m*[00m 
_[00m _[00m _[00m [01;44;37mD[00m _[00m _[00m 
 
[01;40;33m*[00m [01;40;33m*[00m [01;40;37mD[00m [01;40;33m*[00m [01;44;37mD[00m [01;40;37mD[00m 
[00;43;30m*[00m [01;40;37mD[00m [01;40;37mD[00m [01;40;33m*[00m [01;40;37mD[00m [01;40;33m*[00m 
[01;40;37mD[00m [00;43;30m*[00m [01;40;33m*[00m [01;40;37mD[00m [01;40;33m*[00m [01;40;37mD[00m 
[01;40;33m*[00m _[00m [01;44;37mD[00m _[00m _[00m _[00m 
_[00m _[00m _[00m _[00m _[00m [00;43;30m*[00m 
_[00m _[00m _[00m [01;44;37mD[00m _[00m _[00m 
 
[01;40;33m*[00m [01;40;33m*[00m [01;40;37mD[00m [01;40;33m*[00m [01;44;37mD[00m [01;40;37mD[00m 
[00;43;30m*[00m [01;40;37mD[00m [01;40;37mD[00m [01;40;33m*[00m [01;40;37mD[00m [01;40;33m*[00m 
[01;40;37mD[00m [00;43;30m*[00m [01;40;33m*[00m [01;40;37mD[00m [01;40;33m*[00m [01;40;37mD[00m 
[01;40;33m*[00m [01;40;33m*[00m [01;44;37mD[00m _[00m _[00m _[00m 
_[00m _[00m _[00m _[00m _[00m [00;43;30m*[00m 
_[00m _[00m _[00m [01;44;37mD[00m _[00m _[00m 
 
[01;40;33m*[00m [01;40;33m*[00m [01;40;37mD[00m [01;40;33m*[00m [01;44;37mD[00m [01;40;37mD[00m 
[00;43;30m*[00m [01;40;37mD[00m [01;40;37mD[00m [01;40;33m*[00m [01;40;37mD[00m [01;40;33m*[00m 
[01;40;37mD[00m [00;43;30m*[00m [01;40;33m*[00m [01;40;37mD[00m [01;40;33m*[00m [01;40;37mD[00m 
[01;40;33m*[00m [01;40;33m*[00m [01;44;37mD[00m _[00m _[00m _[00m 
_[00m _[00m _[00m _[00m _[00m [00;43;30m*[00m 
_[00m _[00m _[00m [01;44;37mD[00m _[00m _[00m 
 
[01;40;33m*[00m [01;40;33m*[00m [01;40;37mD[00m [01;40;33m*[00m [01;44;37mD[00m [01;40;37mD[00m 
[00;43;30m*[00m [01;40;37mD[00m [01;40;37mD[00m [01;40;33m*[00m [01;40;37mD[00m [01;40;33m*[00m 
[01;40;37mD[00m [00;43;30m*[00m [01;40;33m*[00m [01;40;37mD[00m [01;40;33m*[00m [01;40;37mD[00m 
[01;40;33m*[00m [01;40;33m*[00m [01;44;37mD[00m [01;40;33m*[00m _[00m _[00m 
_[00m _[00m _[00m _[00m _[00m [00;43;30m*[00m 
_[00m _[00m _[00m [01;44;37mD[00m _[00m _[00m 
 
[01;40;33m*[00m [01;40;33m*[00m [01;40;37mD[00m [01;40;33m*[00m [01;44;37mD[00m [01;40;37mD[00m 
[00;43;30m*[00m [01;40;37mD[00m [01;40;37mD[00m [01;40;33m*[00m [01;40;37mD[00m [01;40;33m*[00m 
[01;40;37mD[00m [00;43;30m*[00m [01;40;33m*[00m [01;40;37mD[00m [01;40;33m*[00m [01;40;37mD[00m 
[01;40;33m*[00m [01;40;33m*[00m [01;44;37mD[00m [01;40;33m*[00m [01;40;37mD[00m _[00m 
_[00m _[00m _[00m _[00m _[00m [00;43;30m*[00m 
_[00m _[00m _[00m [01;44;37mD[00m _[00m _[00m 
 
[01;40;33m*[00m [01;40;33m*[00m [01;40;37mD[00m [01;40;33m*[00m [01;44;37mD[00m [01;40;37mD[00m 
[00;43;30m*[00m [01;40;37mD[00m [01;40;37mD[00m [01;40;33m*[00m [01;40;37mD[00m [01;40;33m*[00m 
[01;40;37mD[00m [00;43;30m*[00m [01;40;33m*[00m [01;40;37mD[00m [01;40;33m*[00m [01;40;37mD[00m 
[01;40;33m*[00m [01;40;33m*[00m [01;44;37mD[00m [01;40;33m*[00m [01;40;37mD[00m [01;40;37mD[00m 
_[00m _[00m _[00m _[00m _[00m [00;43;30m*[00m 
_[00m _[00m _[00m [01;44;37mD[00m _[00m _[00m 
 
[01;40;33m*[00m [01;40;33m*[00m [01;40;37mD[00m [01;40;33m*[00m [01;44;37mD[00m [01;40;37mD[00m 
[00;43;30m*[00m [01;40;37mD[00m [01;40;37mD[00m [01;40;33m*[00m [01;40;37mD[00m [01;40;33m*[00m 
[01;40;37mD[00m [00;43;30m*[00m [01;40;33m*[00m [01;40;37mD[00m [01;40;33m*[00m [01;40;37mD[00m 
[01;40;33m*[00m [01;40;33m*[00m [01;44;37mD[00m [01;40;33m*[00m [01;40;37mD[00m [01;40;37mD[00m 
[01;40;37mD[00m _[00m _[00m _[00m _[00m [00;43;30m*[00m 
_[00m _[00m _[00m [01;44;37mD[00m _[00m _[00m 
 
[01;40;33m*[00m [01;40;33m*[00m [01;40;37mD[00m [01;40;33m*[00m [01;44;37mD[00m [01;40;37mD[00m 
[00;43;30m*[00m [01;40;37mD[00m [01;40;37mD[00m [01;40;33m*[00m [01;40;37mD[00m [01;40;33m*[00m 
[01;40;37mD[00m [00;43;30m*[00m [01;40;33m*[00m [01;40;37mD[00m [01;40;33m*[00m [01;40;37mD[00m 
[01;40;33m*[00m [01;40;33m*[00m [01;44;37mD[00m [01;40;33m*[00m [01;40;37mD[00m [01;40;37mD[00m 
[01;40;37mD[00m [01;40;37mD[00m _[00m _[00m _[00m [00;43;30m*[00m 
_[00m _[00m _[00m [01;44;37mD[00m _[00m _[00m 
 
[01;40;33m*[00m [01;40;33m*[00m [01;40;37mD[00m [01;40;33m*[00m [01;44;37mD[00m [01;40;37mD[00m 
[00;43;30m*[00m [01;40;37mD[00m [01;40;37mD[00m [01;40;33m*[00m [01;40;37mD[00m [01;40;33m*[00m 
[01;40;37mD[00m [00;43;30m*[00m [01;40;33m*[00m [01;40;37mD[00m [01;40;33m*[00m [01;40;37mD[00m 
[01;40;33m*[00m [01;40;33m*[00m [01;44;37mD[00m [01;40;33m*[00m [01;40;37mD[00m [01;40;37mD[00m 
[01;40;37mD[00m [01;40;37mD[00m [01;40;33m*[00m _[00m _[00m [00;43;30m*[00m 
_[00m _[00m _[00m [01;44;37mD[00m _[00m _[00m 
 
[01;40;33m*[00m [01;40;33m*[00m [01;40;37mD[00m [01;40;33m*[00m [01;44;37mD[00m [01;40;37mD[00m 
[00;43;30m*[00m [01;40;37mD[00m [01;40;37mD[00m [01;40;33m*[00m [01;40;37mD[00m [01;40;33m*[00m 
[01;40;37mD[00m [00;43;30m*[00m [01;40;33m*[00m [01;40;37mD[00m [01;40;33m*[00m [01;40;37mD[00m 
[01;40;33m*[00m [01;40;33m*[00m [01;44;37mD[00m [01;40;33m*[00m [01;40;37mD[00m [01;40;37mD[00m 
[01;40;37mD[00m [01;40;37mD[00m [01;40;33m*[00m [01;40;37mD[00m _[00m [00;43;30m*[00m 
_[00m _[00m _[00m [01;44;37mD[00m _[00m _[00m 
 
[01;40;33m*[00m [01;40;33m*[00m [01;40;37mD[00m [01;40;33m*[00m [01;44;37mD[00m [01;40;37mD[00m 
[00;43;30m*[00m [01;40;37mD[00m [01;40;37mD[00m [01;40;33m*[00m [01;40;37mD[00m [01;40;33m*[00m 
[01;40;37mD[00m [00;43;30m*[00m [01;40;33m*[00m [01;40;37mD[00m [01;40;33m*[00m [01;40;37mD[00m 
[01;40;33m*[00m [01;40;33m*[00m [01;44;37mD[00m [01;40;33m*[00m [01;40;37mD[00m [01;40;37mD[00m 
[01;40;37mD[00m [01;40;37mD[00m [01;40;33m*[00m [01;40;37mD[00m [01;40;33m*[00m [00;43;30m*[00m 
_[00m _[00m _[00m [01;44;37mD[00m _[00m _[00m 
 
[01;40;33m*[00m [01;40;33m*[00m [01;40;37mD[00m [01;40;33m*[00m [01;44;37mD[00m [01;40;37mD[00m 
[00;43;30m*[00m [01;40;37mD[00m [01;40;37mD[00m [01;40;33m*[00m [01;40;37mD[00m [01;40;33m*[00m 
[01;40;37mD[00m [00;43;30m*[00m [01;40;33m*[00m [01;40;37mD[00m [01;40;33m*[00m [01;40;37mD[00m 
[01;40;33m*[00m [01;40;33m*[00m [01;44;37mD[00m [01;40;33m*[00m [01;40;37mD[00m [01;40;37mD[00m 
[01;40;37mD[00m [01;40;37mD[00m [01;40;33m*[00m [01;40;37mD[00m [01;40;33m*[00m [00;43;30m*[00m 
_[00m _[00m _[00m [01;44;37mD[00m _[00m _[00m 
 
[01;40;33m*[00m [01;40;33m*[00m [01;40;37mD[00m [01;40;33m*[00m [01;44;37mD[00m [01;40;37mD[00m 
[00;43;30m*[00m [01;40;37mD[00m [01;40;37mD[00m [01;40;33m*[00m [01;40;37mD[00m [01;40;33m*[00m 
[01;40;37mD[00m [00;43;30m*[00m [01;40;33m*[00m [01;40;37mD[00m [01;40;33m*[00m [01;40;37mD[00m 
[01;40;33m*[00m [01;40;33m*[00m [01;44;37mD[00m [01;40;33m*[00m [01;40;37mD[00m [01;40;37mD[00m 
[01;40;37mD[00m [01;40;37mD[00m [01;40;33m*[00m [01;40;37mD[00m [01;40;33m*[00m [00;43;30m*[00m 
[01;40;37mD[00m _[00m _[00m [01;44;37mD[00m _[00m _[00m 
 
[01;40;33m*[00m [01;40;33m*[00m [01;40;37mD[00m [01;40;33m*[00m [01;44;37mD[00m [01;40;37mD[00m 
[00;43;30m*[00m [01;40;37mD[00m [01;40;37mD[00m [01;40;33m*[00m [01;40;37mD[00m [01;40;33m*[00m 
[01;40;37mD[00m [00;43;30m*[00m [01;40;33m*[00m [01;40;37mD[00m [01;40;33m*[00m [01;40;37mD[00m 
[01;40;33m*[00m [01;40;33m*[00m [01;44;37mD[00m [01;40;33m*[00m [01;40;37mD[00m [01;40;37mD[00m 
[01;40;37mD[00m [01;40;37mD[00m [01;40;33m*[00m [01;40;37mD[00m [01;40;33m*[00m [00;43;30m*[00m 
[01;40;37mD[00m [01;40;37mD[00m _[00m [01;44;37mD[00m _[00m _[00m 
 
[01;40;33m*[00m [01;40;33m*[00m [01;40;37mD[00m [01;40;33m*[00m [01;44;37mD[00m [01;40;37mD[00m 
[00;43;30m*[00m [01;40;37mD[00m [01;40;37mD[00m [01;40;33m*[00m [01;40;37mD[00m [01;40;33m*[00m 
[01;40;37mD[00m [00;43;30m*[00m [01;40;33m*[00m [01;40;37mD[00m [01;40;33m*[00m [01;40;37mD[00m 
[01;40;33m*[00m [01;40;33m*[00m [01;44;37mD[00m [01;40;33m*[00m [01;40;37mD[00m [01;40;37mD[00m 
[01;40;37mD[00m [01;40;37mD[00m [01;40;33m*[00m [01;40;37mD[00m [01;40;33m*[00m [00;43;30m*[00m 
[01;40;37mD[00m [01;40;37mD[00m [01;40;33m*[00m [01;44;37mD[00m _[00m _[00m 
 
[01;40;33m*[00m [01;40;33m*[00m [01;40;37mD[00m [01;40;33m*[00m [01;44;37mD[00m [01;40;37mD[00m 
[00;43;30m*[00m [01;40;37mD[00m [01;40;37mD[00m [01;40;33m*[00m [01;40;37mD[00m [01;40;33m*[00m 
[01;40;37mD[00m [00;43;30m*[00m [01;40;33m*[00m [01;40;37mD[00m [01;40;33m*[00m [01;40;37mD[00m 
[01;40;33m*[00m [01;40;33m*[00m [01;44;37mD[00m [01;40;33m*[00m [01;40;37mD[00m [01;40;37mD[00m 
[01;40;37mD[00m [01;40;37mD[00m [01;40;33m*[00m [01;40;37mD[00m [01;40;33m*[00m [00;43;30m*[00m 
[01;40;37mD[00m [01;40;37mD[00m [01;40;33m*[00m [01;44;37mD[00m _[00m _[00m 
 
[01;40;33m*[00m [01;40;33m*[00m [01;40;37mD[00m [01;40;33m*[00m [01;44;37mD[00m [01;40;37mD[00m 
[00;43;30m*[00m [01;40;37mD[00m [01;40;37mD[00m [01;40;33m*[00m [01;40;37mD[00m [01;40;33m*[00m 
[01;40;37mD[00m [00;43;30m*[00m [01;40;33m*[00m [01;40;37mD[00m [01;40;33m*[00m [01;40;37mD[00m 
[01;40;33m*[00m [01;40;33m*[00m [01;44;37mD[00m [01;40;33m*[00m [01;40;37mD[00m [01;40;37mD[00m 
[01;40;37mD[00m [01;40;37mD[00m [01;40;33m*[00m [01;40;37mD[00m [01;40;33m*[00m [00;43;30m*[00m 
[01;40;37mD[00m [01;40;37mD[00m [01;40;33m*[00m [01;44;37mD[00m [01;40;33m*[00m _[00m 
 
[01;40;33m*[00m [01;40;33m*[00m [01;40;37mD[00m [01;40;33m*[00m [01;44;37mD[00m [01;40;37mD[00m 
[00;43;30m*[00m [01;40;37mD[00m [01;40;37mD[00m [01;40;33m*[00m [01;40;37mD[00m [01;40;33m*[00m 
[01;40;37mD[00m [00;43;30m*[00m [01;40;33m*[00m [01;40;37mD[00m [01;40;33m*[00m [01;40;37mD[00m 
[01;40;33m*[00m [01;40;33m*[00m [01;44;37mD[00m [01;40;33m*[00m [01;40;37mD[00m [01;40;37mD[00m 
[01;40;37mD[00m [01;40;37mD[00m [01;40;33m*[00m [01;40;37mD[00m [01;40;33m*[00m [00;43;30m*[00m 
[01;40;37mD[00m [01;40;37mD[00m [01;40;33m*[00m [01;44;37mD[00m [01;40;33m*[00m [01;40;33m*[00m 
 
[01;40;33m*[00m [01;40;33m*[00m [01;40;37mD[00m [01;40;33m*[00m [01;44;37mD[00m [01;40;31mD[00m 
[00;43;30m*[00m [01;40;37mD[00m [01;40;37mD[00m [01;40;33m*[00m [01;40;37mD[00m [01;40;31m*[00m 
[01;40;37mD[00m [00;43;30m*[00m [01;40;33m*[00m [01;40;37mD[00m [01;40;33m*[00m [01;40;31mD[00m 
[01;40;31m*[00m [01;40;31m*[00m [01;47;31mD[00m [01;40;31m*[00m [01;40;31mD[00m [01;40;31m*[00m 
[01;40;37mD[00m [01;40;37mD[00m [01;40;33m*[00m [01;40;37mD[00m [01;40;33m*[00m [01;47;31m*[00m 
[01;40;37mD[00m [01;40;37mD[00m [01;40;33m*[00m [01;44;37mD[00m [01;40;33m*[00m [01;40;31m*[00m 
 
[01;40;33m*[00m [01;40;33m*[00m [01;40;37mD[00m [01;40;33m*[00m [01;44;37mD[00m [01;40;37mD[00m 
[00;43;30m*[00m [01;40;37mD[00m [01;40;37mD[00m [01;40;33m*[00m [01;40;37mD[00m [01;40;33m*[00m 
[01;40;37mD[00m [00;43;30m*[00m [01;40;33m*[00m [01;40;37mD[00m [01;40;33m*[00m [01;40;37mD[00m 
[01;40;33m*[00m [01;40;33m*[00m [01;44;37mD[00m [01;40;33m*[00m [01;40;37mD[00m [01;40;37mD[00m 
[01;40;37mD[00m [01;40;37mD[00m [01;40;33m*[00m [01;40;37mD[00m [01;40;33m*[00m [00;43;30m*[00m 
[01;40;37mD[00m [01;40;37mD[00m [01;40;33m*[00m [01;44;37mD[00m [01;40;33m*[00m [01;40;33m*[00m 
 
