n_steps = 3
steps: 1, 2, 3,
_[00m _[00m _[00m _[00m [01;44;37mD[00m _[00m 
[00;43;30m*[00m _[00m _[00m _[00m _[00m _[00m 
_[00m [00;43;30m*[00m _[00m _[00m _[00m _[00m 
[01;40;31m*[00m _[00m [01;44;37mD[00m _[00m _[00m _[00m 
[01;40;31m*[00m _[00m _[00m _[00m _[00m [00;43;30m*[00m 
[01;40;31m*[00m _[00m _[00m [01;44;37mD[00m _[00m _[00m 
 
_[00m _[00m _[00m _[00m [01;44;37mD[00m _[00m 
[00;43;30m*[00m _[00m _[00m _[00m _[00m _[00m 
_[00m [00;43;30m*[00m _[00m _[00m _[00m _[00m 
[01;40;31mD[00m _[00m [01;44;37mD[00m _[00m _[00m _[00m 
[01;40;31mD[00m _[00m _[00m _[00m _[00m [00;43;30m*[00m 
[01;40;31mD[00m _[00m _[00m [01;44;37mD[00m _[00m _[00m 
 
_[00m _[00m _[00m _[00m [01;44;37mD[00m _[00m 
[00;43;30m*[00m _[00m _[00m _[00m _[00m _[00m 
_[00m [00;43;30m*[00m _[00m _[00m _[00m _[00m 
_[00m _[00m [01;44;37mD[00m _[00m _[00m _[00m 
_[00m _[00m _[00m _[00m _[00m [00;43;30m*[00m 
_[00m _[00m _[00m [01;44;37mD[00m _[00m _[00m 
 
